[debug] [2026-08-13T22:12:46.708Z] ----------------------------------------------------------------------
[debug] [2026-08-13T22:12:46.711Z] Command:       /usr/local/bin/node /usr/local/bin/firebase projects:create tres65-discovery --display-name Tres65 Discovery
[debug] [2026-08-13T22:12:46.711Z] CLI Version:   15.15.0
[debug] [2026-08-13T22:12:46.711Z] Platform:      darwin
[debug] [2026-08-13T22:12:46.712Z] Node Version:  v24.14.1
[debug] [2026-08-13T22:12:46.712Z] Time:          Thu Aug 13 2026 16:12:46 GMT-0600 (Central Standard Time)
[debug] [2026-08-13T22:12:46.712Z] ----------------------------------------------------------------------
[debug] 
[debug] [2026-08-13T22:12:46.718Z] > command requires scopes: ["email","openid","https://www.googleapis.com/auth/cloudplatformprojects.readonly","https://www.googleapis.com/auth/firebase","https://www.googleapis.com/auth/cloud-platform"]
[debug] [2026-08-13T22:12:46.718Z] > authorizing via signed-in user (f.perezserna@gmail.com)
[debug] [2026-08-13T22:12:46.721Z] Checked if tokens are valid: true, expires at: 1786662728273
[debug] [2026-08-13T22:12:46.721Z] Checked if tokens are valid: true, expires at: 1786662728273
[debug] [2026-08-13T22:12:46.722Z] >>> [apiv2][query] POST https://cloudresourcemanager.googleapis.com/v1/projects [none]
[debug] [2026-08-13T22:12:46.722Z] >>> [apiv2][body] POST https://cloudresourcemanager.googleapis.com/v1/projects {"projectId":"tres65-discovery","name":"Tres65 Discovery"}
[debug] [2026-08-13T22:12:47.358Z] <<< [apiv2][status] POST https://cloudresourcemanager.googleapis.com/v1/projects 200
[debug] [2026-08-13T22:12:47.358Z] <<< [apiv2][body] POST https://cloudresourcemanager.googleapis.com/v1/projects {"name":"operations/create_project.global.8499329432098708933"}
[debug] [2026-08-13T22:12:47.358Z] Checked if tokens are valid: true, expires at: 1786662728273
[debug] [2026-08-13T22:12:47.359Z] Checked if tokens are valid: true, expires at: 1786662728273
[debug] [2026-08-13T22:12:47.359Z] >>> [apiv2][query] GET https://cloudresourcemanager.googleapis.com/v1/operations/create_project.global.8499329432098708933 [none]
[debug] [2026-08-13T22:12:47.674Z] <<< [apiv2][status] GET https://cloudresourcemanager.googleapis.com/v1/operations/create_project.global.8499329432098708933 200
[debug] [2026-08-13T22:12:47.674Z] <<< [apiv2][body] GET https://cloudresourcemanager.googleapis.com/v1/operations/create_project.global.8499329432098708933 {"name":"operations/create_project.global.8499329432098708933","metadata":{"@type":"type.googleapis.com/google.cloudresourcemanager.v1.ProjectCreationStatus","ready":true},"done":true,"error":{"code":8,"message":"The project cannot be created because you have exceeded your allotted project quota.","details":[{"@type":"type.googleapis.com/google.rpc.QuotaFailure","violations":[{"description":"The project cannot be created because you have exceeded your allotted project quota."}]}]}}
[debug] [2026-08-13T22:12:47.677Z] FirebaseError: The project cannot be created because you have exceeded your allotted project quota.
    at OperationPoller.poll (/usr/local/lib/node_modules/firebase-tools/lib/operation-poller.js:25:19)
    at process.processTicksAndRejections (node:internal/process/task_queues:104:5)
    at async createCloudProject (/usr/local/lib/node_modules/firebase-tools/lib/management/projects.js:237:29)
    at async createFirebaseProjectAndLog (/usr/local/lib/node_modules/firebase-tools/lib/management/projects.js:102:9)
[error] 
[error] Error: Failed to create project. See firebase-debug.log for more info.
